2026-05-03 14:53:07.531  INFO   benchmark_runner    === n_tasks=6, n_resources=4 ===
2026-05-03 14:53:07.554  INFO   benchmark_runner    trial 1/2  ref_opt=15.0650  seed=48
2026-05-03 14:53:07.558  INFO   benchmark_runner    SA        obj=15.0650  ratio=1.0000  time=3.6ms
2026-05-03 14:53:07.687  INFO   benchmark_runner    ACO       obj=15.0650  ratio=1.0000  time=129.1ms
2026-05-03 14:53:07.714  INFO   benchmark_runner    PSO       obj=16.6043  ratio=1.1022  time=26.9ms
2026-05-03 14:53:07.714  INFO   benchmark_runner    Greedy    obj=15.0650  ratio=1.0000  time=0.0ms
2026-05-03 14:55:30.138  INFO   benchmark_runner    === n_tasks=6, n_resources=2 ===
2026-05-03 14:55:30.168  INFO   benchmark_runner    trial 1/2  ref_opt=25.6998  seed=48
2026-05-03 14:55:30.176  INFO   benchmark_runner    SA        obj=25.6998  ratio=1.0000  time=7.0ms
2026-05-03 14:55:30.311  INFO   benchmark_runner    ACO       obj=25.6998  ratio=1.0000  time=134.9ms
2026-05-03 14:55:30.337  INFO   benchmark_runner    PSO       obj=25.6998  ratio=1.0000  time=25.7ms
2026-05-03 14:55:30.337  INFO   benchmark_runner    Greedy    obj=25.6998  ratio=1.0000  time=0.0ms
2026-05-06 16:00:45.459  INFO   benchmark_runner    === n_tasks=6, n_resources=2 ===
2026-05-06 16:00:45.474  INFO   benchmark_runner    trial 1/2  ref_opt=25.6998  seed=48
2026-05-06 16:00:45.476  INFO   benchmark_runner    SA        obj=25.6998  ratio=1.0000  time=2.3ms
2026-05-06 16:00:45.561  INFO   benchmark_runner    ACO       obj=25.6998  ratio=1.0000  time=84.6ms
2026-05-06 16:00:45.580  INFO   benchmark_runner    PSO       obj=25.6998  ratio=1.0000  time=19.0ms
2026-05-06 16:00:45.580  INFO   benchmark_runner    Greedy    obj=25.6998  ratio=1.0000  time=0.0ms
2026-05-06 16:01:16.009  INFO   benchmark_runner    trial 2/2  ref_opt=18.3658  seed=1048
2026-05-06 16:01:16.012  INFO   benchmark_runner    SA        obj=18.3658  ratio=1.0000  time=2.4ms
2026-05-06 16:01:16.096  INFO   benchmark_runner    ACO       obj=18.3658  ratio=1.0000  time=84.4ms
2026-05-06 16:01:16.115  INFO   benchmark_runner    PSO       obj=18.3658  ratio=1.0000  time=19.2ms
2026-05-06 16:01:16.115  INFO   benchmark_runner    Greedy    obj=18.3658  ratio=1.0000  time=0.0ms
2026-05-06 16:01:47.161  INFO   benchmark_runner      Done scenario=high
2026-05-06 16:01:47.175  INFO   benchmark_runner    trial 1/2  ref_opt=25.6998  seed=48
2026-05-06 16:01:47.178  INFO   benchmark_runner    SA        obj=25.6998  ratio=1.0000  time=2.3ms
2026-05-06 16:01:47.263  INFO   benchmark_runner    ACO       obj=25.6998  ratio=1.0000  time=85.7ms
2026-05-06 16:01:47.284  INFO   benchmark_runner    PSO       obj=25.6998  ratio=1.0000  time=20.4ms
2026-05-06 16:01:47.284  INFO   benchmark_runner    Greedy    obj=25.6998  ratio=1.0000  time=0.0ms
2026-05-06 16:02:18.357  INFO   benchmark_runner    trial 2/2  ref_opt=18.3658  seed=1048
2026-05-06 16:02:18.359  INFO   benchmark_runner    SA        obj=18.3658  ratio=1.0000  time=2.4ms
2026-05-06 16:02:18.443  INFO   benchmark_runner    ACO       obj=18.3658  ratio=1.0000  time=83.5ms
2026-05-06 16:02:18.464  INFO   benchmark_runner    PSO       obj=18.3658  ratio=1.0000  time=21.3ms
2026-05-06 16:02:18.464  INFO   benchmark_runner    Greedy    obj=18.3658  ratio=1.0000  time=0.0ms
2026-05-06 16:02:48.875  INFO   benchmark_runner      Done scenario=medium
2026-05-06 16:02:48.890  INFO   benchmark_runner    trial 1/2  ref_opt=25.6998  seed=48
2026-05-06 16:02:48.892  INFO   benchmark_runner    SA        obj=25.6998  ratio=1.0000  time=2.4ms
2026-05-06 16:02:48.977  INFO   benchmark_runner    ACO       obj=25.6998  ratio=1.0000  time=84.7ms
2026-05-06 16:02:48.996  INFO   benchmark_runner    PSO       obj=25.6998  ratio=1.0000  time=19.2ms
2026-05-06 16:02:48.996  INFO   benchmark_runner    Greedy    obj=25.6998  ratio=1.0000  time=0.0ms
2026-05-06 16:03:19.210  INFO   benchmark_runner    trial 2/2  ref_opt=18.3658  seed=1048
2026-05-06 16:03:19.213  INFO   benchmark_runner    SA        obj=18.3658  ratio=1.0000  time=2.4ms
2026-05-06 16:03:19.297  INFO   benchmark_runner    ACO       obj=18.3658  ratio=1.0000  time=84.4ms
2026-05-06 16:03:19.317  INFO   benchmark_runner    PSO       obj=18.3658  ratio=1.0000  time=19.3ms
2026-05-06 16:03:19.317  INFO   benchmark_runner    Greedy    obj=18.3658  ratio=1.0000  time=0.0ms
2026-05-06 16:03:50.269  INFO   benchmark_runner      Done scenario=low
2026-05-06 16:03:50.269  INFO   benchmark_runner    === n_tasks=8, n_resources=2 ===
2026-05-06 16:03:50.283  INFO   benchmark_runner    trial 1/2  ref_opt=36.4294  seed=50
2026-05-06 16:03:50.286  INFO   benchmark_runner    SA        obj=36.4294  ratio=1.0000  time=2.3ms
2026-05-06 16:03:50.396  INFO   benchmark_runner    ACO       obj=36.4294  ratio=1.0000  time=110.3ms
2026-05-06 16:03:50.419  INFO   benchmark_runner    PSO       obj=36.4294  ratio=1.0000  time=23.4ms
2026-05-06 16:03:50.420  INFO   benchmark_runner    Greedy    obj=36.4294  ratio=1.0000  time=0.0ms
2026-05-06 16:27:56.292  INFO   benchmark_runner    trial 2/2  ref_opt=16.8089  seed=1050
2026-05-06 16:27:56.294  INFO   benchmark_runner    SA        obj=16.8089  ratio=1.0000  time=2.3ms
2026-05-06 16:27:56.404  INFO   benchmark_runner    ACO       obj=16.8089  ratio=1.0000  time=110.2ms
2026-05-06 16:27:56.428  INFO   benchmark_runner    PSO       obj=16.8089  ratio=1.0000  time=23.3ms
2026-05-06 16:27:56.428  INFO   benchmark_runner    Greedy    obj=16.8089  ratio=1.0000  time=0.0ms
2026-05-06 16:52:01.348  INFO   benchmark_runner      Done scenario=high
2026-05-06 16:52:01.364  INFO   benchmark_runner    trial 1/2  ref_opt=36.4294  seed=50
2026-05-06 16:52:01.367  INFO   benchmark_runner    SA        obj=36.4294  ratio=1.0000  time=2.7ms
2026-05-06 16:52:01.489  INFO   benchmark_runner    ACO       obj=36.4294  ratio=1.0000  time=122.0ms
2026-05-06 16:52:01.514  INFO   benchmark_runner    PSO       obj=36.4294  ratio=1.0000  time=25.1ms
2026-05-06 16:52:01.514  INFO   benchmark_runner    Greedy    obj=36.4294  ratio=1.0000  time=0.0ms
